------------------------------------------------------------
Timing Analyzer Summary
------------------------------------------------------------

Type  : Slow 1200mV 85C Model Setup 'clk'
Slack : -2.478
TNS   : -37.570

Type  : Slow 1200mV 85C Model Setup 'dig_counter[23]'
Slack : -2.438
TNS   : -25.854

Type  : Slow 1200mV 85C Model Setup 'dig_counter[15]'
Slack : 0.000
TNS   : 0.000

Type  : Slow 1200mV 85C Model Hold 'dig_counter[23]'
Slack : 0.452
TNS   : 0.000

Type  : Slow 1200mV 85C Model Hold 'dig_counter[15]'
Slack : 0.453
TNS   : 0.000

Type  : Slow 1200mV 85C Model Hold 'clk'
Slack : 0.465
TNS   : 0.000

Type  : Slow 1200mV 85C Model Minimum Pulse Width 'clk'
Slack : -3.000
TNS   : -38.688

Type  : Slow 1200mV 85C Model Minimum Pulse Width 'dig_counter[23]'
Slack : -1.487
TNS   : -23.792

Type  : Slow 1200mV 85C Model Minimum Pulse Width 'dig_counter[15]'
Slack : -1.487
TNS   : -2.974

Type  : Slow 1200mV 0C Model Setup 'dig_counter[23]'
Slack : -2.186
TNS   : -22.717

Type  : Slow 1200mV 0C Model Setup 'clk'
Slack : -2.073
TNS   : -31.135

Type  : Slow 1200mV 0C Model Setup 'dig_counter[15]'
Slack : 0.095
TNS   : 0.000

Type  : Slow 1200mV 0C Model Hold 'dig_counter[23]'
Slack : 0.402
TNS   : 0.000

Type  : Slow 1200mV 0C Model Hold 'dig_counter[15]'
Slack : 0.403
TNS   : 0.000

Type  : Slow 1200mV 0C Model Hold 'clk'
Slack : 0.417
TNS   : 0.000

Type  : Slow 1200mV 0C Model Minimum Pulse Width 'clk'
Slack : -3.000
TNS   : -38.688

Type  : Slow 1200mV 0C Model Minimum Pulse Width 'dig_counter[23]'
Slack : -1.487
TNS   : -23.792

Type  : Slow 1200mV 0C Model Minimum Pulse Width 'dig_counter[15]'
Slack : -1.487
TNS   : -2.974

Type  : Fast 1200mV 0C Model Setup 'clk'
Slack : -0.875
TNS   : -7.236

Type  : Fast 1200mV 0C Model Setup 'dig_counter[23]'
Slack : -0.487
TNS   : -3.072

Type  : Fast 1200mV 0C Model Setup 'dig_counter[15]'
Slack : 0.567
TNS   : 0.000

Type  : Fast 1200mV 0C Model Hold 'dig_counter[23]'
Slack : 0.186
TNS   : 0.000

Type  : Fast 1200mV 0C Model Hold 'dig_counter[15]'
Slack : 0.187
TNS   : 0.000

Type  : Fast 1200mV 0C Model Hold 'clk'
Slack : 0.193
TNS   : 0.000

Type  : Fast 1200mV 0C Model Minimum Pulse Width 'clk'
Slack : -3.000
TNS   : -28.560

Type  : Fast 1200mV 0C Model Minimum Pulse Width 'dig_counter[23]'
Slack : -1.000
TNS   : -16.000

Type  : Fast 1200mV 0C Model Minimum Pulse Width 'dig_counter[15]'
Slack : -1.000
TNS   : -2.000

------------------------------------------------------------
