------------------------------------------------------------
Timing Analyzer Summary
------------------------------------------------------------

Type  : Slow 1200mV 85C Model Setup 'clk'
Slack : -7.823
TNS   : -189.597

Type  : Slow 1200mV 85C Model Setup 'rst_n'
Slack : -6.009
TNS   : -74.421

Type  : Slow 1200mV 85C Model Setup 'ps2k_clk'
Slack : -4.945
TNS   : -77.023

Type  : Slow 1200mV 85C Model Setup 'ps2scan:ps2scan|num[0]'
Slack : -2.628
TNS   : -20.835

Type  : Slow 1200mV 85C Model Setup 'digits:digits|dig_counter[15]'
Slack : -0.030
TNS   : -0.030

Type  : Slow 1200mV 85C Model Hold 'ps2scan:ps2scan|num[0]'
Slack : -0.505
TNS   : -2.755

Type  : Slow 1200mV 85C Model Hold 'clk'
Slack : 0.452
TNS   : 0.000

Type  : Slow 1200mV 85C Model Hold 'digits:digits|dig_counter[15]'
Slack : 0.452
TNS   : 0.000

Type  : Slow 1200mV 85C Model Hold 'ps2k_clk'
Slack : 0.485
TNS   : 0.000

Type  : Slow 1200mV 85C Model Hold 'rst_n'
Slack : 2.132
TNS   : 0.000

Type  : Slow 1200mV 85C Model Recovery 'clk'
Slack : -4.588
TNS   : -132.133

Type  : Slow 1200mV 85C Model Recovery 'ps2scan:ps2scan|send_counter[13]'
Slack : -3.664
TNS   : -3.664

Type  : Slow 1200mV 85C Model Recovery 'rst_n'
Slack : -2.931
TNS   : -34.808

Type  : Slow 1200mV 85C Model Recovery 'ps2k_clk'
Slack : -2.204
TNS   : -35.021

Type  : Slow 1200mV 85C Model Recovery 'ps2scan:ps2scan|num[0]'
Slack : -0.426
TNS   : -3.758

Type  : Slow 1200mV 85C Model Removal 'ps2scan:ps2scan|num[0]'
Slack : 0.595
TNS   : 0.000

Type  : Slow 1200mV 85C Model Removal 'ps2k_clk'
Slack : 1.289
TNS   : 0.000

Type  : Slow 1200mV 85C Model Removal 'ps2scan:ps2scan|send_counter[13]'
Slack : 1.470
TNS   : 0.000

Type  : Slow 1200mV 85C Model Removal 'clk'
Slack : 1.483
TNS   : 0.000

Type  : Slow 1200mV 85C Model Removal 'rst_n'
Slack : 1.684
TNS   : 0.000

Type  : Slow 1200mV 85C Model Minimum Pulse Width 'ps2k_clk'
Slack : -3.481
TNS   : -31.734

Type  : Slow 1200mV 85C Model Minimum Pulse Width 'clk'
Slack : -3.000
TNS   : -95.194

Type  : Slow 1200mV 85C Model Minimum Pulse Width 'rst_n'
Slack : -3.000
TNS   : -3.000

Type  : Slow 1200mV 85C Model Minimum Pulse Width 'ps2scan:ps2scan|num[0]'
Slack : -1.487
TNS   : -25.279

Type  : Slow 1200mV 85C Model Minimum Pulse Width 'digits:digits|dig_counter[15]'
Slack : -1.487
TNS   : -2.974

Type  : Slow 1200mV 85C Model Minimum Pulse Width 'ps2scan:ps2scan|send_counter[13]'
Slack : -1.487
TNS   : -1.487

Type  : Slow 1200mV 0C Model Setup 'clk'
Slack : -7.318
TNS   : -173.704

Type  : Slow 1200mV 0C Model Setup 'rst_n'
Slack : -5.722
TNS   : -70.488

Type  : Slow 1200mV 0C Model Setup 'ps2k_clk'
Slack : -4.619
TNS   : -71.692

Type  : Slow 1200mV 0C Model Setup 'ps2scan:ps2scan|num[0]'
Slack : -2.463
TNS   : -19.408

Type  : Slow 1200mV 0C Model Setup 'digits:digits|dig_counter[15]'
Slack : 0.065
TNS   : 0.000

Type  : Slow 1200mV 0C Model Hold 'ps2scan:ps2scan|num[0]'
Slack : -0.477
TNS   : -2.687

Type  : Slow 1200mV 0C Model Hold 'digits:digits|dig_counter[15]'
Slack : 0.400
TNS   : 0.000

Type  : Slow 1200mV 0C Model Hold 'clk'
Slack : 0.401
TNS   : 0.000

Type  : Slow 1200mV 0C Model Hold 'ps2k_clk'
Slack : 0.432
TNS   : 0.000

Type  : Slow 1200mV 0C Model Hold 'rst_n'
Slack : 1.934
TNS   : 0.000

Type  : Slow 1200mV 0C Model Recovery 'clk'
Slack : -4.269
TNS   : -126.241

Type  : Slow 1200mV 0C Model Recovery 'ps2scan:ps2scan|send_counter[13]'
Slack : -3.283
TNS   : -3.283

Type  : Slow 1200mV 0C Model Recovery 'rst_n'
Slack : -2.967
TNS   : -35.194

Type  : Slow 1200mV 0C Model Recovery 'ps2k_clk'
Slack : -2.163
TNS   : -33.939

Type  : Slow 1200mV 0C Model Recovery 'ps2scan:ps2scan|num[0]'
Slack : -0.369
TNS   : -3.275

Type  : Slow 1200mV 0C Model Removal 'ps2scan:ps2scan|num[0]'
Slack : 0.648
TNS   : 0.000

Type  : Slow 1200mV 0C Model Removal 'ps2scan:ps2scan|send_counter[13]'
Slack : 1.259
TNS   : 0.000

Type  : Slow 1200mV 0C Model Removal 'clk'
Slack : 1.320
TNS   : 0.000

Type  : Slow 1200mV 0C Model Removal 'ps2k_clk'
Slack : 1.360
TNS   : 0.000

Type  : Slow 1200mV 0C Model Removal 'rst_n'
Slack : 1.476
TNS   : 0.000

Type  : Slow 1200mV 0C Model Minimum Pulse Width 'ps2k_clk'
Slack : -3.481
TNS   : -31.734

Type  : Slow 1200mV 0C Model Minimum Pulse Width 'clk'
Slack : -3.000
TNS   : -95.194

Type  : Slow 1200mV 0C Model Minimum Pulse Width 'rst_n'
Slack : -3.000
TNS   : -3.000

Type  : Slow 1200mV 0C Model Minimum Pulse Width 'ps2scan:ps2scan|num[0]'
Slack : -1.487
TNS   : -25.279

Type  : Slow 1200mV 0C Model Minimum Pulse Width 'digits:digits|dig_counter[15]'
Slack : -1.487
TNS   : -2.974

Type  : Slow 1200mV 0C Model Minimum Pulse Width 'ps2scan:ps2scan|send_counter[13]'
Slack : -1.487
TNS   : -1.487

Type  : Fast 1200mV 0C Model Setup 'clk'
Slack : -3.699
TNS   : -65.005

Type  : Fast 1200mV 0C Model Setup 'rst_n'
Slack : -2.384
TNS   : -28.588

Type  : Fast 1200mV 0C Model Setup 'ps2k_clk'
Slack : -1.691
TNS   : -23.569

Type  : Fast 1200mV 0C Model Setup 'ps2scan:ps2scan|num[0]'
Slack : -0.552
TNS   : -4.202

Type  : Fast 1200mV 0C Model Setup 'digits:digits|dig_counter[15]'
Slack : 0.550
TNS   : 0.000

Type  : Fast 1200mV 0C Model Hold 'clk'
Slack : 0.186
TNS   : 0.000

Type  : Fast 1200mV 0C Model Hold 'digits:digits|dig_counter[15]'
Slack : 0.186
TNS   : 0.000

Type  : Fast 1200mV 0C Model Hold 'ps2k_clk'
Slack : 0.199
TNS   : 0.000

Type  : Fast 1200mV 0C Model Hold 'ps2scan:ps2scan|num[0]'
Slack : 0.230
TNS   : 0.000

Type  : Fast 1200mV 0C Model Hold 'rst_n'
Slack : 0.675
TNS   : 0.000

Type  : Fast 1200mV 0C Model Recovery 'clk'
Slack : -2.401
TNS   : -66.586

Type  : Fast 1200mV 0C Model Recovery 'ps2scan:ps2scan|send_counter[13]'
Slack : -1.969
TNS   : -1.969

Type  : Fast 1200mV 0C Model Recovery 'rst_n'
Slack : -0.753
TNS   : -8.481

Type  : Fast 1200mV 0C Model Recovery 'ps2k_clk'
Slack : -0.391
TNS   : -5.081

Type  : Fast 1200mV 0C Model Recovery 'ps2scan:ps2scan|num[0]'
Slack : -0.036
TNS   : -0.291

Type  : Fast 1200mV 0C Model Removal 'ps2k_clk'
Slack : 0.416
TNS   : 0.000

Type  : Fast 1200mV 0C Model Removal 'ps2scan:ps2scan|num[0]'
Slack : 0.566
TNS   : 0.000

Type  : Fast 1200mV 0C Model Removal 'rst_n'
Slack : 0.600
TNS   : 0.000

Type  : Fast 1200mV 0C Model Removal 'ps2scan:ps2scan|send_counter[13]'
Slack : 0.660
TNS   : 0.000

Type  : Fast 1200mV 0C Model Removal 'clk'
Slack : 0.701
TNS   : 0.000

Type  : Fast 1200mV 0C Model Minimum Pulse Width 'clk'
Slack : -3.000
TNS   : -83.312

Type  : Fast 1200mV 0C Model Minimum Pulse Width 'ps2k_clk'
Slack : -3.000
TNS   : -32.310

Type  : Fast 1200mV 0C Model Minimum Pulse Width 'rst_n'
Slack : -3.000
TNS   : -6.161

Type  : Fast 1200mV 0C Model Minimum Pulse Width 'ps2scan:ps2scan|num[0]'
Slack : -1.000
TNS   : -17.000

Type  : Fast 1200mV 0C Model Minimum Pulse Width 'digits:digits|dig_counter[15]'
Slack : -1.000
TNS   : -2.000

Type  : Fast 1200mV 0C Model Minimum Pulse Width 'ps2scan:ps2scan|send_counter[13]'
Slack : -1.000
TNS   : -1.000

------------------------------------------------------------
