------------------------------------------------------------
Timing Analyzer Summary
------------------------------------------------------------

Type  : Slow 1200mV 85C Model Setup 'vga_clk'
Slack : -2.742
TNS   : -45.965

Type  : Slow 1200mV 85C Model Setup 'clock'
Slack : -0.766
TNS   : -0.766

Type  : Slow 1200mV 85C Model Hold 'clock'
Slack : 0.597
TNS   : 0.000

Type  : Slow 1200mV 85C Model Hold 'vga_clk'
Slack : 0.630
TNS   : 0.000

Type  : Slow 1200mV 85C Model Minimum Pulse Width 'clock'
Slack : -3.000
TNS   : -4.487

Type  : Slow 1200mV 85C Model Minimum Pulse Width 'vga_clk'
Slack : -1.487
TNS   : -34.201

Type  : Slow 1200mV 0C Model Setup 'vga_clk'
Slack : -2.550
TNS   : -40.912

Type  : Slow 1200mV 0C Model Setup 'clock'
Slack : -0.664
TNS   : -0.664

Type  : Slow 1200mV 0C Model Hold 'clock'
Slack : 0.552
TNS   : 0.000

Type  : Slow 1200mV 0C Model Hold 'vga_clk'
Slack : 0.558
TNS   : 0.000

Type  : Slow 1200mV 0C Model Minimum Pulse Width 'clock'
Slack : -3.000
TNS   : -4.487

Type  : Slow 1200mV 0C Model Minimum Pulse Width 'vga_clk'
Slack : -1.487
TNS   : -34.201

Type  : Fast 1200mV 0C Model Setup 'vga_clk'
Slack : -0.583
TNS   : -7.435

Type  : Fast 1200mV 0C Model Setup 'clock'
Slack : -0.084
TNS   : -0.084

Type  : Fast 1200mV 0C Model Hold 'clock'
Slack : 0.262
TNS   : 0.000

Type  : Fast 1200mV 0C Model Hold 'vga_clk'
Slack : 0.264
TNS   : 0.000

Type  : Fast 1200mV 0C Model Minimum Pulse Width 'clock'
Slack : -3.000
TNS   : -4.310

Type  : Fast 1200mV 0C Model Minimum Pulse Width 'vga_clk'
Slack : -1.000
TNS   : -23.000

------------------------------------------------------------
